Archive member included because of file (symbol)

../led_base_bsp/\libhal_bsp.a(alt_load.o)
                              ../led_base_bsp//obj/HAL/src/crt0.o (alt_load)
../led_base_bsp/\libhal_bsp.a(alt_main.o)
                              ../led_base_bsp//obj/HAL/src/crt0.o (alt_main)
../led_base_bsp/\libhal_bsp.a(alt_sys_init.o)
                              ../led_base_bsp/\libhal_bsp.a(alt_main.o) (alt_irq_init)
../led_base_bsp/\libhal_bsp.a(alt_close.o)
                              ../led_base_bsp/\libhal_bsp.a(alt_main.o) (close)
../led_base_bsp/\libhal_bsp.a(alt_dcache_flush_all.o)
                              ../led_base_bsp/\libhal_bsp.a(alt_load.o) (alt_dcache_flush_all)
../led_base_bsp/\libhal_bsp.a(alt_dev.o)
                              ../led_base_bsp/\libhal_bsp.a(alt_close.o) (alt_fd_list)
../led_base_bsp/\libhal_bsp.a(alt_do_ctors.o)
                              ../led_base_bsp/\libhal_bsp.a(alt_main.o) (_do_ctors)
../led_base_bsp/\libhal_bsp.a(alt_do_dtors.o)
                              ../led_base_bsp/\libhal_bsp.a(alt_main.o) (_do_dtors)
../led_base_bsp/\libhal_bsp.a(alt_errno.o)
                              ../led_base_bsp/\libhal_bsp.a(alt_close.o) (alt_errno)
../led_base_bsp/\libhal_bsp.a(alt_icache_flush_all.o)
                              ../led_base_bsp/\libhal_bsp.a(alt_load.o) (alt_icache_flush_all)
../led_base_bsp/\libhal_bsp.a(alt_release_fd.o)
                              ../led_base_bsp/\libhal_bsp.a(alt_close.o) (alt_release_fd)
../led_base_bsp/\libhal_bsp.a(altera_nios2_qsys_irq.o)
                              ../led_base_bsp/\libhal_bsp.a(alt_sys_init.o) (altera_nios2_qsys_irq_init)
d:/altera/13.1/nios2eds/bin/gnu/h-i686-mingw32/bin/../lib/gcc/nios2-elf/4.7.3/../../../../../H-i686-mingw32/nios2-elf/lib/mno-hw-mul\libc.a(lib_a-atexit.o)
                              ../led_base_bsp/\libhal_bsp.a(alt_main.o) (atexit)
d:/altera/13.1/nios2eds/bin/gnu/h-i686-mingw32/bin/../lib/gcc/nios2-elf/4.7.3/../../../../../H-i686-mingw32/nios2-elf/lib/mno-hw-mul\libc.a(lib_a-exit.o)
                              ../led_base_bsp/\libhal_bsp.a(alt_main.o) (exit)
d:/altera/13.1/nios2eds/bin/gnu/h-i686-mingw32/bin/../lib/gcc/nios2-elf/4.7.3/../../../../../H-i686-mingw32/nios2-elf/lib/mno-hw-mul\libc.a(lib_a-impure.o)
                              d:/altera/13.1/nios2eds/bin/gnu/h-i686-mingw32/bin/../lib/gcc/nios2-elf/4.7.3/../../../../../H-i686-mingw32/nios2-elf/lib/mno-hw-mul\libc.a(lib_a-exit.o) (_global_impure_ptr)
d:/altera/13.1/nios2eds/bin/gnu/h-i686-mingw32/bin/../lib/gcc/nios2-elf/4.7.3/../../../../../H-i686-mingw32/nios2-elf/lib/mno-hw-mul\libc.a(lib_a-int_errno.o)
                              ../led_base_bsp/\libhal_bsp.a(alt_close.o) (errno)
d:/altera/13.1/nios2eds/bin/gnu/h-i686-mingw32/bin/../lib/gcc/nios2-elf/4.7.3/../../../../../H-i686-mingw32/nios2-elf/lib/mno-hw-mul\libc.a(lib_a-__atexit.o)
                              d:/altera/13.1/nios2eds/bin/gnu/h-i686-mingw32/bin/../lib/gcc/nios2-elf/4.7.3/../../../../../H-i686-mingw32/nios2-elf/lib/mno-hw-mul\libc.a(lib_a-atexit.o) (__register_exitproc)
d:/altera/13.1/nios2eds/bin/gnu/h-i686-mingw32/bin/../lib/gcc/nios2-elf/4.7.3/../../../../../H-i686-mingw32/nios2-elf/lib/mno-hw-mul\libc.a(lib_a-__call_atexit.o)
                              d:/altera/13.1/nios2eds/bin/gnu/h-i686-mingw32/bin/../lib/gcc/nios2-elf/4.7.3/../../../../../H-i686-mingw32/nios2-elf/lib/mno-hw-mul\libc.a(lib_a-exit.o) (__call_exitprocs)
d:/altera/13.1/nios2eds/bin/gnu/h-i686-mingw32/bin/../lib/gcc/nios2-elf/4.7.3/mno-hw-mul\libgcc.a(lib2-mul.o)
                              ../led_base_bsp/\libhal_bsp.a(alt_close.o) (__mulsi3)
../led_base_bsp/\libhal_bsp.a(alt_exit.o)
                              d:/altera/13.1/nios2eds/bin/gnu/h-i686-mingw32/bin/../lib/gcc/nios2-elf/4.7.3/../../../../../H-i686-mingw32/nios2-elf/lib/mno-hw-mul\libc.a(lib_a-exit.o) (_exit)

Allocating common symbols
Common symbol       size              file

errno               0x4               d:/altera/13.1/nios2eds/bin/gnu/h-i686-mingw32/bin/../lib/gcc/nios2-elf/4.7.3/../../../../../H-i686-mingw32/nios2-elf/lib/mno-hw-mul\libc.a(lib_a-int_errno.o)
_atexit0            0x190             d:/altera/13.1/nios2eds/bin/gnu/h-i686-mingw32/bin/../lib/gcc/nios2-elf/4.7.3/../../../../../H-i686-mingw32/nios2-elf/lib/mno-hw-mul\libc.a(lib_a-atexit.o)

Memory Configuration

Name             Origin             Length             Attributes
reset            0x00001000         0x00000020
onchip_memory2_0 0x00001020         0x00000fe0
*default*        0x00000000         0xffffffff

Linker script and memory map

LOAD ../led_base_bsp//obj/HAL/src/crt0.o
LOAD obj/default/main.o
LOAD d:/altera/13.1/nios2eds/bin/gnu/h-i686-mingw32/bin/../lib/gcc/nios2-elf/4.7.3/../../../../../H-i686-mingw32/nios2-elf/lib/mno-hw-mul\libstdc++.a
LOAD d:/altera/13.1/nios2eds/bin/gnu/h-i686-mingw32/bin/../lib/gcc/nios2-elf/4.7.3/../../../../../H-i686-mingw32/nios2-elf/lib/mno-hw-mul\libm.a
LOAD d:/altera/13.1/nios2eds/bin/gnu/h-i686-mingw32/bin/../lib/gcc/nios2-elf/4.7.3/mno-hw-mul\libgcc.a
START GROUP
LOAD d:/altera/13.1/nios2eds/bin/gnu/h-i686-mingw32/bin/../lib/gcc/nios2-elf/4.7.3/../../../../../H-i686-mingw32/nios2-elf/lib/mno-hw-mul\libc.a
LOAD d:/altera/13.1/nios2eds/bin/gnu/h-i686-mingw32/bin/../lib/gcc/nios2-elf/4.7.3/mno-hw-mul\libgcc.a
LOAD ../led_base_bsp/\libhal_bsp.a
END GROUP
LOAD d:/altera/13.1/nios2eds/bin/gnu/h-i686-mingw32/bin/../lib/gcc/nios2-elf/4.7.3/mno-hw-mul\libgcc.a
                0x00001000                __alt_mem_onchip_memory2_0 = 0x1000

.entry          0x00001000       0x20
 *(.entry)
 .entry         0x00001000       0x20 ../led_base_bsp//obj/HAL/src/crt0.o
                0x00001000                __reset

.exceptions     0x00001020        0x0
                0x00001020                PROVIDE (__ram_exceptions_start, ABSOLUTE (.))
                0x00001020                . = ALIGN (0x20)
 *(.irq)
 *(.exceptions.entry.label)
 *(.exceptions.entry.user)
 *(.exceptions.entry.ecc_fatal)
 *(.exceptions.entry)
 *(.exceptions.irqtest.user)
 *(.exceptions.irqtest)
 *(.exceptions.irqhandler.user)
 *(.exceptions.irqhandler)
 *(.exceptions.irqreturn.user)
 *(.exceptions.irqreturn)
 *(.exceptions.notirq.label)
 *(.exceptions.notirq.user)
 *(.exceptions.notirq)
 *(.exceptions.soft.user)
 *(.exceptions.soft)
 *(.exceptions.unknown.user)
 *(.exceptions.unknown)
 *(.exceptions.exit.label)
 *(.exceptions.exit.user)
 *(.exceptions.exit)
 *(.exceptions)
                0x00001020                PROVIDE (__ram_exceptions_end, ABSOLUTE (.))
                0x00001020                PROVIDE (__flash_exceptions_start, LOADADDR (.exceptions))

.text           0x00001020      0x8d4
                0x00001020                PROVIDE (stext, ABSOLUTE (.))
 *(.interp)
 *(.hash)
 *(.dynsym)
 *(.dynstr)
 *(.gnu.version)
 *(.gnu.version_d)
 *(.gnu.version_r)
 *(.rel.init)
 *(.rela.init)
 *(.rel.text .rel.text.* .rel.gnu.linkonce.t.*)
 *(.rela.text .rela.text.* .rela.gnu.linkonce.t.*)
 *(.rel.fini)
 *(.rela.fini)
 *(.rel.rodata .rel.rodata.* .rel.gnu.linkonce.r.*)
 *(.rela.rodata .rela.rodata.* .rela.gnu.linkonce.r.*)
 *(.rel.data .rel.data.* .rel.gnu.linkonce.d.*)
 *(.rela.data .rela.data.* .rela.gnu.linkonce.d.*)
 *(.rel.tdata .rel.tdata.* .rel.gnu.linkonce.td.*)
 *(.rela.tdata .rela.tdata.* .rela.gnu.linkonce.td.*)
 *(.rel.tbss .rel.tbss.* .rel.gnu.linkonce.tb.*)
 *(.rela.tbss .rela.tbss.* .rela.gnu.linkonce.tb.*)
 *(.rel.ctors)
 *(.rela.ctors)
 *(.rel.dtors)
 *(.rela.dtors)
 *(.rel.got)
 *(.rela.got)
 *(.rel.sdata .rel.sdata.* .rel.gnu.linkonce.s.*)
 *(.rela.sdata .rela.sdata.* .rela.gnu.linkonce.s.*)
 *(.rel.sbss .rel.sbss.* .rel.gnu.linkonce.sb.*)
 *(.rela.sbss .rela.sbss.* .rela.gnu.linkonce.sb.*)
 *(.rel.sdata2 .rel.sdata2.* .rel.gnu.linkonce.s2.*)
 *(.rela.sdata2 .rela.sdata2.* .rela.gnu.linkonce.s2.*)
 *(.rel.sbss2 .rel.sbss2.* .rel.gnu.linkonce.sb2.*)
 *(.rela.sbss2 .rela.sbss2.* .rela.gnu.linkonce.sb2.*)
 *(.rel.bss .rel.bss.* .rel.gnu.linkonce.b.*)
 *(.rela.bss .rela.bss.* .rela.gnu.linkonce.b.*)
 *(.rel.plt)
 *(.rela.plt)
 *(.rel.dyn)
 *(.init)
 *(.plt)
 *(.text .stub .text.* .gnu.linkonce.t.*)
 .text          0x00001020       0x3c ../led_base_bsp//obj/HAL/src/crt0.o
                0x00001020                _start
 .text          0x0000105c       0xa8 obj/default/main.o
                0x0000105c                main
                0x000010bc                calculateNewPosition
 .text          0x00001104       0xec ../led_base_bsp/\libhal_bsp.a(alt_load.o)
                0x00001170                alt_load
 .text          0x000011f0       0x5c ../led_base_bsp/\libhal_bsp.a(alt_main.o)
                0x000011f0                alt_main
 .text          0x0000124c       0x50 ../led_base_bsp/\libhal_bsp.a(alt_sys_init.o)
                0x0000124c                alt_irq_init
                0x00001280                alt_sys_init
 .text          0x0000129c      0x11c ../led_base_bsp/\libhal_bsp.a(alt_close.o)
                0x000012ec                close
 .text          0x000013b8       0x1c ../led_base_bsp/\libhal_bsp.a(alt_dcache_flush_all.o)
                0x000013b8                alt_dcache_flush_all
 .text          0x000013d4       0x2c ../led_base_bsp/\libhal_bsp.a(alt_dev.o)
 .text          0x00001400       0x5c ../led_base_bsp/\libhal_bsp.a(alt_do_ctors.o)
                0x00001400                _do_ctors
 .text          0x0000145c       0x5c ../led_base_bsp/\libhal_bsp.a(alt_do_dtors.o)
                0x0000145c                _do_dtors
 .text          0x000014b8        0x0 ../led_base_bsp/\libhal_bsp.a(alt_errno.o)
 .text          0x000014b8       0x1c ../led_base_bsp/\libhal_bsp.a(alt_icache_flush_all.o)
                0x000014b8                alt_icache_flush_all
 .text          0x000014d4       0x80 ../led_base_bsp/\libhal_bsp.a(alt_release_fd.o)
                0x000014d4                alt_release_fd
 .text          0x00001554       0x20 ../led_base_bsp/\libhal_bsp.a(altera_nios2_qsys_irq.o)
                0x00001554                altera_nios2_qsys_irq_init
 .text          0x00001574       0x14 d:/altera/13.1/nios2eds/bin/gnu/h-i686-mingw32/bin/../lib/gcc/nios2-elf/4.7.3/../../../../../H-i686-mingw32/nios2-elf/lib/mno-hw-mul\libc.a(lib_a-atexit.o)
                0x00001574                atexit
 .text          0x00001588       0x38 d:/altera/13.1/nios2eds/bin/gnu/h-i686-mingw32/bin/../lib/gcc/nios2-elf/4.7.3/../../../../../H-i686-mingw32/nios2-elf/lib/mno-hw-mul\libc.a(lib_a-exit.o)
                0x00001588                exit
 .text          0x000015c0        0x0 d:/altera/13.1/nios2eds/bin/gnu/h-i686-mingw32/bin/../lib/gcc/nios2-elf/4.7.3/../../../../../H-i686-mingw32/nios2-elf/lib/mno-hw-mul\libc.a(lib_a-impure.o)
 .text          0x000015c0        0x0 d:/altera/13.1/nios2eds/bin/gnu/h-i686-mingw32/bin/../lib/gcc/nios2-elf/4.7.3/../../../../../H-i686-mingw32/nios2-elf/lib/mno-hw-mul\libc.a(lib_a-int_errno.o)
 .text          0x000015c0      0x130 d:/altera/13.1/nios2eds/bin/gnu/h-i686-mingw32/bin/../lib/gcc/nios2-elf/4.7.3/../../../../../H-i686-mingw32/nios2-elf/lib/mno-hw-mul\libc.a(lib_a-__atexit.o)
                0x000015c0                __register_exitproc
 .text          0x000016f0      0x1a0 d:/altera/13.1/nios2eds/bin/gnu/h-i686-mingw32/bin/../lib/gcc/nios2-elf/4.7.3/../../../../../H-i686-mingw32/nios2-elf/lib/mno-hw-mul\libc.a(lib_a-__call_atexit.o)
                0x000016f0                __call_exitprocs
 .text          0x00001890       0x28 d:/altera/13.1/nios2eds/bin/gnu/h-i686-mingw32/bin/../lib/gcc/nios2-elf/4.7.3/mno-hw-mul\libgcc.a(lib2-mul.o)
                0x00001890                __mulsi3
 .text          0x000018b8       0x3c ../led_base_bsp/\libhal_bsp.a(alt_exit.o)
                0x000018b8                _exit
 *(.gnu.warning.*)
 *(.fini)
                0x000018f4                PROVIDE (__etext, ABSOLUTE (.))
                0x000018f4                PROVIDE (_etext, ABSOLUTE (.))
                0x000018f4                PROVIDE (etext, ABSOLUTE (.))
 *(.eh_frame_hdr)
                0x000018f4                . = ALIGN (0x4)
                0x000018f4                PROVIDE (__preinit_array_start, ABSOLUTE (.))
 *(.preinit_array)
                0x000018f4                PROVIDE (__preinit_array_end, ABSOLUTE (.))
                0x000018f4                PROVIDE (__init_array_start, ABSOLUTE (.))
 *(.init_array)
                0x000018f4                PROVIDE (__init_array_end, ABSOLUTE (.))
                0x000018f4                PROVIDE (__fini_array_start, ABSOLUTE (.))
 *(.fini_array)
                0x000018f4                PROVIDE (__fini_array_end, ABSOLUTE (.))
 *(.eh_frame)
 *(.gcc_except_table .gcc_except_table.*)
 *(.dynamic)
                0x000018f4                PROVIDE (__CTOR_LIST__, ABSOLUTE (.))
 *(.ctors)
 *(SORT(.ctors.*))
                0x000018f4                PROVIDE (__CTOR_END__, ABSOLUTE (.))
                0x000018f4                PROVIDE (__DTOR_LIST__, ABSOLUTE (.))
 *(.dtors)
 *(SORT(.dtors.*))
                0x000018f4                PROVIDE (__DTOR_END__, ABSOLUTE (.))
 *(.jcr)
                0x000018f4                . = ALIGN (0x4)

.rodata         0x000018f4       0x10
                0x000018f4                PROVIDE (__ram_rodata_start, ABSOLUTE (.))
                0x000018f4                . = ALIGN (0x4)
 *(.rodata .rodata.* .gnu.linkonce.r.*)
 .rodata        0x000018f4        0xc ../led_base_bsp/\libhal_bsp.a(alt_dev.o)
 .rodata.str1.4
                0x00001900        0x4 d:/altera/13.1/nios2eds/bin/gnu/h-i686-mingw32/bin/../lib/gcc/nios2-elf/4.7.3/../../../../../H-i686-mingw32/nios2-elf/lib/mno-hw-mul\libc.a(lib_a-impure.o)
 *(.rodata1)
                0x00001904                . = ALIGN (0x4)
                0x00001904                PROVIDE (__ram_rodata_end, ABSOLUTE (.))
                0x000018f4                PROVIDE (__flash_rodata_start, LOADADDR (.rodata))

.rwdata         0x00001904      0x5c8 load address 0x00001ecc
                0x00001904                PROVIDE (__ram_rwdata_start, ABSOLUTE (.))
                0x00001904                . = ALIGN (0x4)
 *(.got.plt)
 *(.got)
 *(.data1)
 *(.data .data.* .gnu.linkonce.d.*)
 .data          0x00001904        0x0 ../led_base_bsp//obj/HAL/src/crt0.o
 .data          0x00001904        0x0 obj/default/main.o
 .data          0x00001904        0x0 ../led_base_bsp/\libhal_bsp.a(alt_load.o)
 .data          0x00001904        0x0 ../led_base_bsp/\libhal_bsp.a(alt_main.o)
 .data          0x00001904        0x0 ../led_base_bsp/\libhal_bsp.a(alt_sys_init.o)
 .data          0x00001904        0x0 ../led_base_bsp/\libhal_bsp.a(alt_close.o)
 .data          0x00001904        0x0 ../led_base_bsp/\libhal_bsp.a(alt_dcache_flush_all.o)
 .data          0x00001904      0x1a8 ../led_base_bsp/\libhal_bsp.a(alt_dev.o)
                0x00001904                alt_dev_null
                0x0000192c                alt_fd_list
 .data          0x00001aac        0x0 ../led_base_bsp/\libhal_bsp.a(alt_do_ctors.o)
 .data          0x00001aac        0x0 ../led_base_bsp/\libhal_bsp.a(alt_do_dtors.o)
 .data          0x00001aac        0x0 ../led_base_bsp/\libhal_bsp.a(alt_errno.o)
 .data          0x00001aac        0x0 ../led_base_bsp/\libhal_bsp.a(alt_icache_flush_all.o)
 .data          0x00001aac        0x0 ../led_base_bsp/\libhal_bsp.a(alt_release_fd.o)
 .data          0x00001aac        0x0 ../led_base_bsp/\libhal_bsp.a(altera_nios2_qsys_irq.o)
 .data          0x00001aac        0x0 d:/altera/13.1/nios2eds/bin/gnu/h-i686-mingw32/bin/../lib/gcc/nios2-elf/4.7.3/../../../../../H-i686-mingw32/nios2-elf/lib/mno-hw-mul\libc.a(lib_a-atexit.o)
 .data          0x00001aac        0x0 d:/altera/13.1/nios2eds/bin/gnu/h-i686-mingw32/bin/../lib/gcc/nios2-elf/4.7.3/../../../../../H-i686-mingw32/nios2-elf/lib/mno-hw-mul\libc.a(lib_a-exit.o)
 .data          0x00001aac      0x400 d:/altera/13.1/nios2eds/bin/gnu/h-i686-mingw32/bin/../lib/gcc/nios2-elf/4.7.3/../../../../../H-i686-mingw32/nios2-elf/lib/mno-hw-mul\libc.a(lib_a-impure.o)
 .data          0x00001eac        0x0 d:/altera/13.1/nios2eds/bin/gnu/h-i686-mingw32/bin/../lib/gcc/nios2-elf/4.7.3/../../../../../H-i686-mingw32/nios2-elf/lib/mno-hw-mul\libc.a(lib_a-int_errno.o)
 .data          0x00001eac        0x0 d:/altera/13.1/nios2eds/bin/gnu/h-i686-mingw32/bin/../lib/gcc/nios2-elf/4.7.3/../../../../../H-i686-mingw32/nios2-elf/lib/mno-hw-mul\libc.a(lib_a-__atexit.o)
 .data          0x00001eac        0x0 d:/altera/13.1/nios2eds/bin/gnu/h-i686-mingw32/bin/../lib/gcc/nios2-elf/4.7.3/../../../../../H-i686-mingw32/nios2-elf/lib/mno-hw-mul\libc.a(lib_a-__call_atexit.o)
 .data          0x00001eac        0x0 d:/altera/13.1/nios2eds/bin/gnu/h-i686-mingw32/bin/../lib/gcc/nios2-elf/4.7.3/mno-hw-mul\libgcc.a(lib2-mul.o)
 .data          0x00001eac        0x0 ../led_base_bsp/\libhal_bsp.a(alt_exit.o)
                0x00009eac                _gp = ABSOLUTE ((. + 0x8000))
                0x00009eac                PROVIDE (gp, _gp)
 *(.rwdata .rwdata.*)
 *(.sdata .sdata.* .gnu.linkonce.s.*)
 .sdata         0x00001eac       0x14 ../led_base_bsp/\libhal_bsp.a(alt_dev.o)
                0x00001eac                alt_fs_list
                0x00001eb4                alt_dev_list
                0x00001ebc                alt_max_fd
 .sdata         0x00001ec0        0x4 ../led_base_bsp/\libhal_bsp.a(alt_errno.o)
                0x00001ec0                alt_errno
 .sdata         0x00001ec4        0x8 d:/altera/13.1/nios2eds/bin/gnu/h-i686-mingw32/bin/../lib/gcc/nios2-elf/4.7.3/../../../../../H-i686-mingw32/nios2-elf/lib/mno-hw-mul\libc.a(lib_a-impure.o)
                0x00001ec4                _global_impure_ptr
                0x00001ec8                _impure_ptr
 *(.sdata2 .sdata2.* .gnu.linkonce.s2.*)
                0x00001ecc                . = ALIGN (0x4)
                0x00001ecc                _edata = ABSOLUTE (.)
                0x00001ecc                PROVIDE (edata, ABSOLUTE (.))
                0x00001ecc                PROVIDE (__ram_rwdata_end, ABSOLUTE (.))
                0x00001ecc                PROVIDE (__flash_rwdata_start, LOADADDR (.rwdata))

.bss            0x00002494      0x1a0
                0x00002494                __bss_start = ABSOLUTE (.)
                0x00002494                PROVIDE (__sbss_start, ABSOLUTE (.))
                0x00002494                PROVIDE (___sbss_start, ABSOLUTE (.))
 *(.dynsbss)
 *(.sbss .sbss.* .gnu.linkonce.sb.*)
 .sbss          0x00002494        0xc ../led_base_bsp/\libhal_bsp.a(alt_main.o)
                0x00002494                alt_argc
                0x00002498                alt_argv
                0x0000249c                alt_envp
 .sbss          0x000024a0        0x4 d:/altera/13.1/nios2eds/bin/gnu/h-i686-mingw32/bin/../lib/gcc/nios2-elf/4.7.3/../../../../../H-i686-mingw32/nios2-elf/lib/mno-hw-mul\libc.a(lib_a-int_errno.o)
                0x000024a0                errno
 *(.sbss2 .sbss2.* .gnu.linkonce.sb2.*)
 *(.scommon)
                0x000024a4                PROVIDE (__sbss_end, ABSOLUTE (.))
                0x000024a4                PROVIDE (___sbss_end, ABSOLUTE (.))
 *(.dynbss)
 *(.bss .bss.* .gnu.linkonce.b.*)
 .bss           0x000024a4        0x0 ../led_base_bsp//obj/HAL/src/crt0.o
 .bss           0x000024a4        0x0 obj/default/main.o
 .bss           0x000024a4        0x0 ../led_base_bsp/\libhal_bsp.a(alt_load.o)
 .bss           0x000024a4        0x0 ../led_base_bsp/\libhal_bsp.a(alt_main.o)
 .bss           0x000024a4        0x0 ../led_base_bsp/\libhal_bsp.a(alt_sys_init.o)
 .bss           0x000024a4        0x0 ../led_base_bsp/\libhal_bsp.a(alt_close.o)
 .bss           0x000024a4        0x0 ../led_base_bsp/\libhal_bsp.a(alt_dcache_flush_all.o)
 .bss           0x000024a4        0x0 ../led_base_bsp/\libhal_bsp.a(alt_dev.o)
 .bss           0x000024a4        0x0 ../led_base_bsp/\libhal_bsp.a(alt_do_ctors.o)
 .bss           0x000024a4        0x0 ../led_base_bsp/\libhal_bsp.a(alt_do_dtors.o)
 .bss           0x000024a4        0x0 ../led_base_bsp/\libhal_bsp.a(alt_errno.o)
 .bss           0x000024a4        0x0 ../led_base_bsp/\libhal_bsp.a(alt_icache_flush_all.o)
 .bss           0x000024a4        0x0 ../led_base_bsp/\libhal_bsp.a(alt_release_fd.o)
 .bss           0x000024a4        0x0 ../led_base_bsp/\libhal_bsp.a(altera_nios2_qsys_irq.o)
 .bss           0x000024a4        0x0 d:/altera/13.1/nios2eds/bin/gnu/h-i686-mingw32/bin/../lib/gcc/nios2-elf/4.7.3/../../../../../H-i686-mingw32/nios2-elf/lib/mno-hw-mul\libc.a(lib_a-atexit.o)
 .bss           0x000024a4        0x0 d:/altera/13.1/nios2eds/bin/gnu/h-i686-mingw32/bin/../lib/gcc/nios2-elf/4.7.3/../../../../../H-i686-mingw32/nios2-elf/lib/mno-hw-mul\libc.a(lib_a-exit.o)
 .bss           0x000024a4        0x0 d:/altera/13.1/nios2eds/bin/gnu/h-i686-mingw32/bin/../lib/gcc/nios2-elf/4.7.3/../../../../../H-i686-mingw32/nios2-elf/lib/mno-hw-mul\libc.a(lib_a-impure.o)
 .bss           0x000024a4        0x0 d:/altera/13.1/nios2eds/bin/gnu/h-i686-mingw32/bin/../lib/gcc/nios2-elf/4.7.3/../../../../../H-i686-mingw32/nios2-elf/lib/mno-hw-mul\libc.a(lib_a-int_errno.o)
 .bss           0x000024a4        0x0 d:/altera/13.1/nios2eds/bin/gnu/h-i686-mingw32/bin/../lib/gcc/nios2-elf/4.7.3/../../../../../H-i686-mingw32/nios2-elf/lib/mno-hw-mul\libc.a(lib_a-__atexit.o)
 .bss           0x000024a4        0x0 d:/altera/13.1/nios2eds/bin/gnu/h-i686-mingw32/bin/../lib/gcc/nios2-elf/4.7.3/../../../../../H-i686-mingw32/nios2-elf/lib/mno-hw-mul\libc.a(lib_a-__call_atexit.o)
 .bss           0x000024a4        0x0 d:/altera/13.1/nios2eds/bin/gnu/h-i686-mingw32/bin/../lib/gcc/nios2-elf/4.7.3/mno-hw-mul\libgcc.a(lib2-mul.o)
 .bss           0x000024a4        0x0 ../led_base_bsp/\libhal_bsp.a(alt_exit.o)
 *(COMMON)
 COMMON         0x000024a4      0x190 d:/altera/13.1/nios2eds/bin/gnu/h-i686-mingw32/bin/../lib/gcc/nios2-elf/4.7.3/../../../../../H-i686-mingw32/nios2-elf/lib/mno-hw-mul\libc.a(lib_a-atexit.o)
                0x000024a4                _atexit0
                0x00002634                . = ALIGN (0x4)
                0x00002634                __bss_end = ABSOLUTE (.)

.onchip_memory2_0
                0x00002634        0x0
                0x00002634                PROVIDE (_alt_partition_onchip_memory2_0_start, ABSOLUTE (.))
 *(.onchip_memory2_0 .onchip_memory2_0. onchip_memory2_0.*)
                0x00002634                . = ALIGN (0x4)
                0x00002634                PROVIDE (_alt_partition_onchip_memory2_0_end, ABSOLUTE (.))
                0x00002634                _end = ABSOLUTE (.)
                0x00002634                end = ABSOLUTE (.)
                0x00002634                __alt_stack_base = ABSOLUTE (.)
                0x00002634                PROVIDE (_alt_partition_onchip_memory2_0_load_addr, LOADADDR (.onchip_memory2_0))

.stab
 *(.stab)

.stabstr
 *(.stabstr)

.stab.excl
 *(.stab.excl)

.stab.exclstr
 *(.stab.exclstr)

.stab.index
 *(.stab.index)

.stab.indexstr
 *(.stab.indexstr)

.comment        0x00000000       0x23
 *(.comment)
 .comment       0x00000000       0x23 obj/default/main.o
                                 0x24 (size before relaxing)
 .comment       0x00000000       0x24 ../led_base_bsp/\libhal_bsp.a(alt_load.o)
 .comment       0x00000000       0x24 ../led_base_bsp/\libhal_bsp.a(alt_main.o)
 .comment       0x00000000       0x24 ../led_base_bsp/\libhal_bsp.a(alt_sys_init.o)
 .comment       0x00000000       0x24 ../led_base_bsp/\libhal_bsp.a(alt_close.o)
 .comment       0x00000000       0x24 ../led_base_bsp/\libhal_bsp.a(alt_dcache_flush_all.o)
 .comment       0x00000000       0x24 ../led_base_bsp/\libhal_bsp.a(alt_dev.o)
 .comment       0x00000000       0x24 ../led_base_bsp/\libhal_bsp.a(alt_do_ctors.o)
 .comment       0x00000000       0x24 ../led_base_bsp/\libhal_bsp.a(alt_do_dtors.o)
 .comment       0x00000000       0x24 ../led_base_bsp/\libhal_bsp.a(alt_errno.o)
 .comment       0x00000000       0x24 ../led_base_bsp/\libhal_bsp.a(alt_icache_flush_all.o)
 .comment       0x00000000       0x24 ../led_base_bsp/\libhal_bsp.a(alt_release_fd.o)
 .comment       0x00000000       0x24 ../led_base_bsp/\libhal_bsp.a(altera_nios2_qsys_irq.o)
 .comment       0x00000000       0x24 d:/altera/13.1/nios2eds/bin/gnu/h-i686-mingw32/bin/../lib/gcc/nios2-elf/4.7.3/../../../../../H-i686-mingw32/nios2-elf/lib/mno-hw-mul\libc.a(lib_a-atexit.o)
 .comment       0x00000000       0x24 d:/altera/13.1/nios2eds/bin/gnu/h-i686-mingw32/bin/../lib/gcc/nios2-elf/4.7.3/../../../../../H-i686-mingw32/nios2-elf/lib/mno-hw-mul\libc.a(lib_a-exit.o)
 .comment       0x00000000       0x24 d:/altera/13.1/nios2eds/bin/gnu/h-i686-mingw32/bin/../lib/gcc/nios2-elf/4.7.3/../../../../../H-i686-mingw32/nios2-elf/lib/mno-hw-mul\libc.a(lib_a-impure.o)
 .comment       0x00000000       0x24 d:/altera/13.1/nios2eds/bin/gnu/h-i686-mingw32/bin/../lib/gcc/nios2-elf/4.7.3/../../../../../H-i686-mingw32/nios2-elf/lib/mno-hw-mul\libc.a(lib_a-int_errno.o)
 .comment       0x00000000       0x24 d:/altera/13.1/nios2eds/bin/gnu/h-i686-mingw32/bin/../lib/gcc/nios2-elf/4.7.3/../../../../../H-i686-mingw32/nios2-elf/lib/mno-hw-mul\libc.a(lib_a-__atexit.o)
 .comment       0x00000000       0x24 d:/altera/13.1/nios2eds/bin/gnu/h-i686-mingw32/bin/../lib/gcc/nios2-elf/4.7.3/../../../../../H-i686-mingw32/nios2-elf/lib/mno-hw-mul\libc.a(lib_a-__call_atexit.o)
 .comment       0x00000000       0x24 d:/altera/13.1/nios2eds/bin/gnu/h-i686-mingw32/bin/../lib/gcc/nios2-elf/4.7.3/mno-hw-mul\libgcc.a(lib2-mul.o)
 .comment       0x00000000       0x24 ../led_base_bsp/\libhal_bsp.a(alt_exit.o)

.debug
 *(.debug)

.line
 *(.line)

.debug_srcinfo
 *(.debug_srcinfo)

.debug_sfnames
 *(.debug_sfnames)

.debug_aranges  0x00000000      0x2b0
 *(.debug_aranges)
 .debug_aranges
                0x00000000       0x28 ../led_base_bsp//obj/HAL/src/crt0.o
 .debug_aranges
                0x00000028       0x20 obj/default/main.o
 .debug_aranges
                0x00000048       0x20 ../led_base_bsp/\libhal_bsp.a(alt_load.o)
 .debug_aranges
                0x00000068       0x20 ../led_base_bsp/\libhal_bsp.a(alt_main.o)
 .debug_aranges
                0x00000088       0x20 ../led_base_bsp/\libhal_bsp.a(alt_sys_init.o)
 .debug_aranges
                0x000000a8       0x20 ../led_base_bsp/\libhal_bsp.a(alt_close.o)
 .debug_aranges
                0x000000c8       0x20 ../led_base_bsp/\libhal_bsp.a(alt_dcache_flush_all.o)
 .debug_aranges
                0x000000e8       0x20 ../led_base_bsp/\libhal_bsp.a(alt_dev.o)
 .debug_aranges
                0x00000108       0x20 ../led_base_bsp/\libhal_bsp.a(alt_do_ctors.o)
 .debug_aranges
                0x00000128       0x20 ../led_base_bsp/\libhal_bsp.a(alt_do_dtors.o)
 .debug_aranges
                0x00000148       0x18 ../led_base_bsp/\libhal_bsp.a(alt_errno.o)
 .debug_aranges
                0x00000160       0x20 ../led_base_bsp/\libhal_bsp.a(alt_icache_flush_all.o)
 .debug_aranges
                0x00000180       0x20 ../led_base_bsp/\libhal_bsp.a(alt_release_fd.o)
 .debug_aranges
                0x000001a0       0x20 ../led_base_bsp/\libhal_bsp.a(altera_nios2_qsys_irq.o)
 .debug_aranges
                0x000001c0       0x20 d:/altera/13.1/nios2eds/bin/gnu/h-i686-mingw32/bin/../lib/gcc/nios2-elf/4.7.3/../../../../../H-i686-mingw32/nios2-elf/lib/mno-hw-mul\libc.a(lib_a-atexit.o)
 .debug_aranges
                0x000001e0       0x20 d:/altera/13.1/nios2eds/bin/gnu/h-i686-mingw32/bin/../lib/gcc/nios2-elf/4.7.3/../../../../../H-i686-mingw32/nios2-elf/lib/mno-hw-mul\libc.a(lib_a-exit.o)
 .debug_aranges
                0x00000200       0x18 d:/altera/13.1/nios2eds/bin/gnu/h-i686-mingw32/bin/../lib/gcc/nios2-elf/4.7.3/../../../../../H-i686-mingw32/nios2-elf/lib/mno-hw-mul\libc.a(lib_a-impure.o)
 .debug_aranges
                0x00000218       0x18 d:/altera/13.1/nios2eds/bin/gnu/h-i686-mingw32/bin/../lib/gcc/nios2-elf/4.7.3/../../../../../H-i686-mingw32/nios2-elf/lib/mno-hw-mul\libc.a(lib_a-int_errno.o)
 .debug_aranges
                0x00000230       0x20 d:/altera/13.1/nios2eds/bin/gnu/h-i686-mingw32/bin/../lib/gcc/nios2-elf/4.7.3/../../../../../H-i686-mingw32/nios2-elf/lib/mno-hw-mul\libc.a(lib_a-__atexit.o)
 .debug_aranges
                0x00000250       0x20 d:/altera/13.1/nios2eds/bin/gnu/h-i686-mingw32/bin/../lib/gcc/nios2-elf/4.7.3/../../../../../H-i686-mingw32/nios2-elf/lib/mno-hw-mul\libc.a(lib_a-__call_atexit.o)
 .debug_aranges
                0x00000270       0x20 d:/altera/13.1/nios2eds/bin/gnu/h-i686-mingw32/bin/../lib/gcc/nios2-elf/4.7.3/mno-hw-mul\libgcc.a(lib2-mul.o)
 .debug_aranges
                0x00000290       0x20 ../led_base_bsp/\libhal_bsp.a(alt_exit.o)

.debug_pubnames
 *(.debug_pubnames)

.debug_info     0x00000000     0x3ecf
 *(.debug_info .gnu.linkonce.wi.*)
 .debug_info    0x00000000       0x84 ../led_base_bsp//obj/HAL/src/crt0.o
 .debug_info    0x00000084      0x104 obj/default/main.o
 .debug_info    0x00000188      0x135 ../led_base_bsp/\libhal_bsp.a(alt_load.o)
 .debug_info    0x000002bd      0x163 ../led_base_bsp/\libhal_bsp.a(alt_main.o)
 .debug_info    0x00000420      0x101 ../led_base_bsp/\libhal_bsp.a(alt_sys_init.o)
 .debug_info    0x00000521      0x350 ../led_base_bsp/\libhal_bsp.a(alt_close.o)
 .debug_info    0x00000871       0x90 ../led_base_bsp/\libhal_bsp.a(alt_dcache_flush_all.o)
 .debug_info    0x00000901      0x4e3 ../led_base_bsp/\libhal_bsp.a(alt_dev.o)
 .debug_info    0x00000de4       0x8d ../led_base_bsp/\libhal_bsp.a(alt_do_ctors.o)
 .debug_info    0x00000e71       0x8d ../led_base_bsp/\libhal_bsp.a(alt_do_dtors.o)
 .debug_info    0x00000efe       0xa3 ../led_base_bsp/\libhal_bsp.a(alt_errno.o)
 .debug_info    0x00000fa1       0x90 ../led_base_bsp/\libhal_bsp.a(alt_icache_flush_all.o)
 .debug_info    0x00001031      0x2dd ../led_base_bsp/\libhal_bsp.a(alt_release_fd.o)
 .debug_info    0x0000130e       0xba ../led_base_bsp/\libhal_bsp.a(altera_nios2_qsys_irq.o)
 .debug_info    0x000013c8      0x1e6 d:/altera/13.1/nios2eds/bin/gnu/h-i686-mingw32/bin/../lib/gcc/nios2-elf/4.7.3/../../../../../H-i686-mingw32/nios2-elf/lib/mno-hw-mul\libc.a(lib_a-atexit.o)
 .debug_info    0x000015ae      0x993 d:/altera/13.1/nios2eds/bin/gnu/h-i686-mingw32/bin/../lib/gcc/nios2-elf/4.7.3/../../../../../H-i686-mingw32/nios2-elf/lib/mno-hw-mul\libc.a(lib_a-exit.o)
 .debug_info    0x00001f41      0x938 d:/altera/13.1/nios2eds/bin/gnu/h-i686-mingw32/bin/../lib/gcc/nios2-elf/4.7.3/../../../../../H-i686-mingw32/nios2-elf/lib/mno-hw-mul\libc.a(lib_a-impure.o)
 .debug_info    0x00002879       0x84 d:/altera/13.1/nios2eds/bin/gnu/h-i686-mingw32/bin/../lib/gcc/nios2-elf/4.7.3/../../../../../H-i686-mingw32/nios2-elf/lib/mno-hw-mul\libc.a(lib_a-int_errno.o)
 .debug_info    0x000028fd      0x9f9 d:/altera/13.1/nios2eds/bin/gnu/h-i686-mingw32/bin/../lib/gcc/nios2-elf/4.7.3/../../../../../H-i686-mingw32/nios2-elf/lib/mno-hw-mul\libc.a(lib_a-__atexit.o)
 .debug_info    0x000032f6      0xa07 d:/altera/13.1/nios2eds/bin/gnu/h-i686-mingw32/bin/../lib/gcc/nios2-elf/4.7.3/../../../../../H-i686-mingw32/nios2-elf/lib/mno-hw-mul\libc.a(lib_a-__call_atexit.o)
 .debug_info    0x00003cfd       0xb8 d:/altera/13.1/nios2eds/bin/gnu/h-i686-mingw32/bin/../lib/gcc/nios2-elf/4.7.3/mno-hw-mul\libgcc.a(lib2-mul.o)
 .debug_info    0x00003db5      0x11a ../led_base_bsp/\libhal_bsp.a(alt_exit.o)

.debug_abbrev   0x00000000     0x1177
 *(.debug_abbrev)
 .debug_abbrev  0x00000000       0x12 ../led_base_bsp//obj/HAL/src/crt0.o
 .debug_abbrev  0x00000012       0x89 obj/default/main.o
 .debug_abbrev  0x0000009b       0x9d ../led_base_bsp/\libhal_bsp.a(alt_load.o)
 .debug_abbrev  0x00000138       0xc1 ../led_base_bsp/\libhal_bsp.a(alt_main.o)
 .debug_abbrev  0x000001f9       0xba ../led_base_bsp/\libhal_bsp.a(alt_sys_init.o)
 .debug_abbrev  0x000002b3      0x11f ../led_base_bsp/\libhal_bsp.a(alt_close.o)
 .debug_abbrev  0x000003d2       0x42 ../led_base_bsp/\libhal_bsp.a(alt_dcache_flush_all.o)
 .debug_abbrev  0x00000414       0xd9 ../led_base_bsp/\libhal_bsp.a(alt_dev.o)
 .debug_abbrev  0x000004ed       0x79 ../led_base_bsp/\libhal_bsp.a(alt_do_ctors.o)
 .debug_abbrev  0x00000566       0x79 ../led_base_bsp/\libhal_bsp.a(alt_do_dtors.o)
 .debug_abbrev  0x000005df       0x5a ../led_base_bsp/\libhal_bsp.a(alt_errno.o)
 .debug_abbrev  0x00000639       0x42 ../led_base_bsp/\libhal_bsp.a(alt_icache_flush_all.o)
 .debug_abbrev  0x0000067b       0xde ../led_base_bsp/\libhal_bsp.a(alt_release_fd.o)
 .debug_abbrev  0x00000759       0x67 ../led_base_bsp/\libhal_bsp.a(altera_nios2_qsys_irq.o)
 .debug_abbrev  0x000007c0      0x106 d:/altera/13.1/nios2eds/bin/gnu/h-i686-mingw32/bin/../lib/gcc/nios2-elf/4.7.3/../../../../../H-i686-mingw32/nios2-elf/lib/mno-hw-mul\libc.a(lib_a-atexit.o)
 .debug_abbrev  0x000008c6      0x1c8 d:/altera/13.1/nios2eds/bin/gnu/h-i686-mingw32/bin/../lib/gcc/nios2-elf/4.7.3/../../../../../H-i686-mingw32/nios2-elf/lib/mno-hw-mul\libc.a(lib_a-exit.o)
 .debug_abbrev  0x00000a8e      0x162 d:/altera/13.1/nios2eds/bin/gnu/h-i686-mingw32/bin/../lib/gcc/nios2-elf/4.7.3/../../../../../H-i686-mingw32/nios2-elf/lib/mno-hw-mul\libc.a(lib_a-impure.o)
 .debug_abbrev  0x00000bf0       0x37 d:/altera/13.1/nios2eds/bin/gnu/h-i686-mingw32/bin/../lib/gcc/nios2-elf/4.7.3/../../../../../H-i686-mingw32/nios2-elf/lib/mno-hw-mul\libc.a(lib_a-int_errno.o)
 .debug_abbrev  0x00000c27      0x211 d:/altera/13.1/nios2eds/bin/gnu/h-i686-mingw32/bin/../lib/gcc/nios2-elf/4.7.3/../../../../../H-i686-mingw32/nios2-elf/lib/mno-hw-mul\libc.a(lib_a-__atexit.o)
 .debug_abbrev  0x00000e38      0x203 d:/altera/13.1/nios2eds/bin/gnu/h-i686-mingw32/bin/../lib/gcc/nios2-elf/4.7.3/../../../../../H-i686-mingw32/nios2-elf/lib/mno-hw-mul\libc.a(lib_a-__call_atexit.o)
 .debug_abbrev  0x0000103b       0x6f d:/altera/13.1/nios2eds/bin/gnu/h-i686-mingw32/bin/../lib/gcc/nios2-elf/4.7.3/mno-hw-mul\libgcc.a(lib2-mul.o)
 .debug_abbrev  0x000010aa       0xcd ../led_base_bsp/\libhal_bsp.a(alt_exit.o)

.debug_line     0x00000000     0x13a7
 *(.debug_line)
 .debug_line    0x00000000       0x66 ../led_base_bsp//obj/HAL/src/crt0.o
 .debug_line    0x00000066       0x73 obj/default/main.o
 .debug_line    0x000000d9       0x92 ../led_base_bsp/\libhal_bsp.a(alt_load.o)
 .debug_line    0x0000016b       0xcd ../led_base_bsp/\libhal_bsp.a(alt_main.o)
 .debug_line    0x00000238       0xa7 ../led_base_bsp/\libhal_bsp.a(alt_sys_init.o)
 .debug_line    0x000002df      0x186 ../led_base_bsp/\libhal_bsp.a(alt_close.o)
 .debug_line    0x00000465       0x51 ../led_base_bsp/\libhal_bsp.a(alt_dcache_flush_all.o)
 .debug_line    0x000004b6      0x119 ../led_base_bsp/\libhal_bsp.a(alt_dev.o)
 .debug_line    0x000005cf       0x59 ../led_base_bsp/\libhal_bsp.a(alt_do_ctors.o)
 .debug_line    0x00000628       0x59 ../led_base_bsp/\libhal_bsp.a(alt_do_dtors.o)
 .debug_line    0x00000681       0x51 ../led_base_bsp/\libhal_bsp.a(alt_errno.o)
 .debug_line    0x000006d2       0x4f ../led_base_bsp/\libhal_bsp.a(alt_icache_flush_all.o)
 .debug_line    0x00000721       0xb0 ../led_base_bsp/\libhal_bsp.a(alt_release_fd.o)
 .debug_line    0x000007d1       0x8d ../led_base_bsp/\libhal_bsp.a(altera_nios2_qsys_irq.o)
 .debug_line    0x0000085e      0x170 d:/altera/13.1/nios2eds/bin/gnu/h-i686-mingw32/bin/../lib/gcc/nios2-elf/4.7.3/../../../../../H-i686-mingw32/nios2-elf/lib/mno-hw-mul\libc.a(lib_a-atexit.o)
 .debug_line    0x000009ce      0x21c d:/altera/13.1/nios2eds/bin/gnu/h-i686-mingw32/bin/../lib/gcc/nios2-elf/4.7.3/../../../../../H-i686-mingw32/nios2-elf/lib/mno-hw-mul\libc.a(lib_a-exit.o)
 .debug_line    0x00000bea      0x176 d:/altera/13.1/nios2eds/bin/gnu/h-i686-mingw32/bin/../lib/gcc/nios2-elf/4.7.3/../../../../../H-i686-mingw32/nios2-elf/lib/mno-hw-mul\libc.a(lib_a-impure.o)
 .debug_line    0x00000d60       0x60 d:/altera/13.1/nios2eds/bin/gnu/h-i686-mingw32/bin/../lib/gcc/nios2-elf/4.7.3/../../../../../H-i686-mingw32/nios2-elf/lib/mno-hw-mul\libc.a(lib_a-int_errno.o)
 .debug_line    0x00000dc0      0x253 d:/altera/13.1/nios2eds/bin/gnu/h-i686-mingw32/bin/../lib/gcc/nios2-elf/4.7.3/../../../../../H-i686-mingw32/nios2-elf/lib/mno-hw-mul\libc.a(lib_a-__atexit.o)
 .debug_line    0x00001013      0x267 d:/altera/13.1/nios2eds/bin/gnu/h-i686-mingw32/bin/../lib/gcc/nios2-elf/4.7.3/../../../../../H-i686-mingw32/nios2-elf/lib/mno-hw-mul\libc.a(lib_a-__call_atexit.o)
 .debug_line    0x0000127a       0x80 d:/altera/13.1/nios2eds/bin/gnu/h-i686-mingw32/bin/../lib/gcc/nios2-elf/4.7.3/mno-hw-mul\libgcc.a(lib2-mul.o)
 .debug_line    0x000012fa       0xad ../led_base_bsp/\libhal_bsp.a(alt_exit.o)

.debug_frame    0x00000000      0x37c
 *(.debug_frame)
 .debug_frame   0x00000000       0x48 obj/default/main.o
 .debug_frame   0x00000048       0x48 ../led_base_bsp/\libhal_bsp.a(alt_load.o)
 .debug_frame   0x00000090       0x2c ../led_base_bsp/\libhal_bsp.a(alt_main.o)
 .debug_frame   0x000000bc       0x48 ../led_base_bsp/\libhal_bsp.a(alt_sys_init.o)
 .debug_frame   0x00000104       0x48 ../led_base_bsp/\libhal_bsp.a(alt_close.o)
 .debug_frame   0x0000014c       0x2c ../led_base_bsp/\libhal_bsp.a(alt_dcache_flush_all.o)
 .debug_frame   0x00000178       0x2c ../led_base_bsp/\libhal_bsp.a(alt_dev.o)
 .debug_frame   0x000001a4       0x2c ../led_base_bsp/\libhal_bsp.a(alt_do_ctors.o)
 .debug_frame   0x000001d0       0x2c ../led_base_bsp/\libhal_bsp.a(alt_do_dtors.o)
 .debug_frame   0x000001fc       0x2c ../led_base_bsp/\libhal_bsp.a(alt_icache_flush_all.o)
 .debug_frame   0x00000228       0x30 ../led_base_bsp/\libhal_bsp.a(alt_release_fd.o)
 .debug_frame   0x00000258       0x2c ../led_base_bsp/\libhal_bsp.a(altera_nios2_qsys_irq.o)
 .debug_frame   0x00000284       0x20 d:/altera/13.1/nios2eds/bin/gnu/h-i686-mingw32/bin/../lib/gcc/nios2-elf/4.7.3/../../../../../H-i686-mingw32/nios2-elf/lib/mno-hw-mul\libc.a(lib_a-atexit.o)
 .debug_frame   0x000002a4       0x28 d:/altera/13.1/nios2eds/bin/gnu/h-i686-mingw32/bin/../lib/gcc/nios2-elf/4.7.3/../../../../../H-i686-mingw32/nios2-elf/lib/mno-hw-mul\libc.a(lib_a-exit.o)
 .debug_frame   0x000002cc       0x2c d:/altera/13.1/nios2eds/bin/gnu/h-i686-mingw32/bin/../lib/gcc/nios2-elf/4.7.3/../../../../../H-i686-mingw32/nios2-elf/lib/mno-hw-mul\libc.a(lib_a-__atexit.o)
 .debug_frame   0x000002f8       0x38 d:/altera/13.1/nios2eds/bin/gnu/h-i686-mingw32/bin/../lib/gcc/nios2-elf/4.7.3/../../../../../H-i686-mingw32/nios2-elf/lib/mno-hw-mul\libc.a(lib_a-__call_atexit.o)
 .debug_frame   0x00000330       0x20 d:/altera/13.1/nios2eds/bin/gnu/h-i686-mingw32/bin/../lib/gcc/nios2-elf/4.7.3/mno-hw-mul\libgcc.a(lib2-mul.o)
 .debug_frame   0x00000350       0x2c ../led_base_bsp/\libhal_bsp.a(alt_exit.o)

.debug_str      0x00000000      0xdd2
 *(.debug_str)
 .debug_str     0x00000000       0xe4 obj/default/main.o
                                0x124 (size before relaxing)
 .debug_str     0x000000e4      0x14a ../led_base_bsp/\libhal_bsp.a(alt_load.o)
                                0x1df (size before relaxing)
 .debug_str     0x0000022e       0x91 ../led_base_bsp/\libhal_bsp.a(alt_main.o)
                                0x193 (size before relaxing)
 .debug_str     0x000002bf       0x47 ../led_base_bsp/\libhal_bsp.a(alt_sys_init.o)
                                0x163 (size before relaxing)
 .debug_str     0x00000306       0x90 ../led_base_bsp/\libhal_bsp.a(alt_close.o)
                                0x1d8 (size before relaxing)
 .debug_str     0x00000396       0x34 ../led_base_bsp/\libhal_bsp.a(alt_dcache_flush_all.o)
                                0x122 (size before relaxing)
 .debug_str     0x000003ca      0x120 ../led_base_bsp/\libhal_bsp.a(alt_dev.o)
                                0x2d2 (size before relaxing)
 .debug_str     0x000004ea       0x48 ../led_base_bsp/\libhal_bsp.a(alt_do_ctors.o)
                                 0xa9 (size before relaxing)
 .debug_str     0x00000532       0x4c ../led_base_bsp/\libhal_bsp.a(alt_do_dtors.o)
                                 0xa8 (size before relaxing)
 .debug_str     0x0000057e       0x14 ../led_base_bsp/\libhal_bsp.a(alt_errno.o)
                                0x112 (size before relaxing)
 .debug_str     0x00000592       0x34 ../led_base_bsp/\libhal_bsp.a(alt_icache_flush_all.o)
                                0x122 (size before relaxing)
 .debug_str     0x000005c6       0x28 ../led_base_bsp/\libhal_bsp.a(alt_release_fd.o)
                                0x1ac (size before relaxing)
 .debug_str     0x000005ee       0x3b ../led_base_bsp/\libhal_bsp.a(altera_nios2_qsys_irq.o)
                                0x152 (size before relaxing)
 .debug_str     0x00000629      0x16a d:/altera/13.1/nios2eds/bin/gnu/h-i686-mingw32/bin/../lib/gcc/nios2-elf/4.7.3/../../../../../H-i686-mingw32/nios2-elf/lib/mno-hw-mul\libc.a(lib_a-atexit.o)
                                0x21d (size before relaxing)
 .debug_str     0x00000793      0x375 d:/altera/13.1/nios2eds/bin/gnu/h-i686-mingw32/bin/../lib/gcc/nios2-elf/4.7.3/../../../../../H-i686-mingw32/nios2-elf/lib/mno-hw-mul\libc.a(lib_a-exit.o)
                                0x53d (size before relaxing)
 .debug_str     0x00000b08       0xe2 d:/altera/13.1/nios2eds/bin/gnu/h-i686-mingw32/bin/../lib/gcc/nios2-elf/4.7.3/../../../../../H-i686-mingw32/nios2-elf/lib/mno-hw-mul\libc.a(lib_a-impure.o)
                                0x534 (size before relaxing)
 .debug_str     0x00000bea       0x40 d:/altera/13.1/nios2eds/bin/gnu/h-i686-mingw32/bin/../lib/gcc/nios2-elf/4.7.3/../../../../../H-i686-mingw32/nios2-elf/lib/mno-hw-mul\libc.a(lib_a-int_errno.o)
                                0x17d (size before relaxing)
 .debug_str     0x00000c2a       0x47 d:/altera/13.1/nios2eds/bin/gnu/h-i686-mingw32/bin/../lib/gcc/nios2-elf/4.7.3/../../../../../H-i686-mingw32/nios2-elf/lib/mno-hw-mul\libc.a(lib_a-__atexit.o)
                                0x581 (size before relaxing)
 .debug_str     0x00000c71       0x64 d:/altera/13.1/nios2eds/bin/gnu/h-i686-mingw32/bin/../lib/gcc/nios2-elf/4.7.3/../../../../../H-i686-mingw32/nios2-elf/lib/mno-hw-mul\libc.a(lib_a-__call_atexit.o)
                                0x55f (size before relaxing)
 .debug_str     0x00000cd5       0xd3 d:/altera/13.1/nios2eds/bin/gnu/h-i686-mingw32/bin/../lib/gcc/nios2-elf/4.7.3/mno-hw-mul\libgcc.a(lib2-mul.o)
                                0x12a (size before relaxing)
 .debug_str     0x00000da8       0x2a ../led_base_bsp/\libhal_bsp.a(alt_exit.o)
                                0x147 (size before relaxing)

.debug_loc      0x00000000      0x75e
 *(.debug_loc)
 .debug_loc     0x00000000       0x58 obj/default/main.o
 .debug_loc     0x00000058       0x58 ../led_base_bsp/\libhal_bsp.a(alt_load.o)
 .debug_loc     0x000000b0       0x2c ../led_base_bsp/\libhal_bsp.a(alt_main.o)
 .debug_loc     0x000000dc       0x58 ../led_base_bsp/\libhal_bsp.a(alt_sys_init.o)
 .debug_loc     0x00000134       0x58 ../led_base_bsp/\libhal_bsp.a(alt_close.o)
 .debug_loc     0x0000018c       0x2c ../led_base_bsp/\libhal_bsp.a(alt_dcache_flush_all.o)
 .debug_loc     0x000001b8       0x2c ../led_base_bsp/\libhal_bsp.a(alt_dev.o)
 .debug_loc     0x000001e4       0x2c ../led_base_bsp/\libhal_bsp.a(alt_do_ctors.o)
 .debug_loc     0x00000210       0x2c ../led_base_bsp/\libhal_bsp.a(alt_do_dtors.o)
 .debug_loc     0x0000023c       0x2c ../led_base_bsp/\libhal_bsp.a(alt_icache_flush_all.o)
 .debug_loc     0x00000268       0x2c ../led_base_bsp/\libhal_bsp.a(alt_release_fd.o)
 .debug_loc     0x00000294       0x2c ../led_base_bsp/\libhal_bsp.a(altera_nios2_qsys_irq.o)
 .debug_loc     0x000002c0       0x2c d:/altera/13.1/nios2eds/bin/gnu/h-i686-mingw32/bin/../lib/gcc/nios2-elf/4.7.3/../../../../../H-i686-mingw32/nios2-elf/lib/mno-hw-mul\libc.a(lib_a-atexit.o)
 .debug_loc     0x000002ec       0x3e d:/altera/13.1/nios2eds/bin/gnu/h-i686-mingw32/bin/../lib/gcc/nios2-elf/4.7.3/../../../../../H-i686-mingw32/nios2-elf/lib/mno-hw-mul\libc.a(lib_a-exit.o)
 .debug_loc     0x0000032a      0x194 d:/altera/13.1/nios2eds/bin/gnu/h-i686-mingw32/bin/../lib/gcc/nios2-elf/4.7.3/../../../../../H-i686-mingw32/nios2-elf/lib/mno-hw-mul\libc.a(lib_a-__atexit.o)
 .debug_loc     0x000004be      0x1e1 d:/altera/13.1/nios2eds/bin/gnu/h-i686-mingw32/bin/../lib/gcc/nios2-elf/4.7.3/../../../../../H-i686-mingw32/nios2-elf/lib/mno-hw-mul\libc.a(lib_a-__call_atexit.o)
 .debug_loc     0x0000069f       0x93 d:/altera/13.1/nios2eds/bin/gnu/h-i686-mingw32/bin/../lib/gcc/nios2-elf/4.7.3/mno-hw-mul\libgcc.a(lib2-mul.o)
 .debug_loc     0x00000732       0x2c ../led_base_bsp/\libhal_bsp.a(alt_exit.o)

.debug_macinfo
 *(.debug_macinfo)

.debug_weaknames
 *(.debug_weaknames)

.debug_funcnames
 *(.debug_funcnames)

.debug_typenames
 *(.debug_typenames)

.debug_varnames
 *(.debug_varnames)

.debug_alt_sim_info
                0x00000000       0x10
 *(.debug_alt_sim_info)
 .debug_alt_sim_info
                0x00000000       0x10 ../led_base_bsp//obj/HAL/src/crt0.o
                0x00002000                __alt_data_end = 0x2000
                0x00002000                PROVIDE (__alt_stack_pointer, __alt_data_end)
                0x00002634                PROVIDE (__alt_stack_limit, __alt_stack_base)
                0x00002634                PROVIDE (__alt_heap_start, end)
                0x00002000                PROVIDE (__alt_heap_limit, 0x2000)
OUTPUT(led.elf elf32-littlenios2)

.debug_ranges   0x00000000       0x38
 .debug_ranges  0x00000000       0x20 ../led_base_bsp//obj/HAL/src/crt0.o
 .debug_ranges  0x00000020       0x18 d:/altera/13.1/nios2eds/bin/gnu/h-i686-mingw32/bin/../lib/gcc/nios2-elf/4.7.3/../../../../../H-i686-mingw32/nios2-elf/lib/mno-hw-mul\libc.a(lib_a-__call_atexit.o)
